[2m2024-06-26T11:50:12.434783Z[0m [32m INFO[0m [2mtcp_source[0m[2m:[0m Requested rate: None | Actual rate: 62675.234
[2m2024-06-26T11:53:17.641897Z[0m [32m INFO[0m [2mtcp_source[0m[2m:[0m Requested rate: None | Actual rate: 43956.72
[2m2024-06-26T11:59:57.218948Z[0m [32m INFO[0m [2mtcp_source[0m[2m:[0m Requested rate: None | Actual rate: 96926.11
[2m2024-06-26T12:00:33.040726Z[0m [32m INFO[0m [2mtcp_source[0m[2m:[0m Requested rate: None | Actual rate: 97937.28
[2m2024-06-26T12:00:51.368422Z[0m [32m INFO[0m [2mtcp_source[0m[2m:[0m Requested rate: None | Actual rate: 98350.62
[2m2024-06-26T12:02:21.165865Z[0m [32m INFO[0m [2mtcp_source[0m[2m:[0m Requested rate: None | Actual rate: 93893.11
[2m2024-06-26T12:02:39.343110Z[0m [32m INFO[0m [2mtcp_source[0m[2m:[0m Requested rate: None | Actual rate: 92175.65
[2m2024-06-26T12:07:20.808017Z[0m [32m INFO[0m [2mtcp_source[0m[2m:[0m Requested rate: Some(50000) | Actual rate: 47795.938
[2m2024-06-26T12:08:10.709603Z[0m [32m INFO[0m [2mtcp_source[0m[2m:[0m Requested rate: Some(50000) | Actual rate: 48564.51
[2m2024-06-26T12:08:35.139930Z[0m [32m INFO[0m [2mtcp_source[0m[2m:[0m Requested rate: Some(50000) | Actual rate: 48395.69
[2m2024-06-26T12:09:03.402400Z[0m [32m INFO[0m [2mtcp_source[0m[2m:[0m Requested rate: Some(100000) | Actual rate: 86856.516
[2m2024-06-26T12:09:45.380823Z[0m [32m INFO[0m [2mtcp_source[0m[2m:[0m Requested rate: Some(1000000) | Actual rate: 101040.94
[2m2024-06-26T12:09:59.205298Z[0m [32m INFO[0m [2mtcp_source[0m[2m:[0m Requested rate: Some(1000000) | Actual rate: 92437.66
[2m2024-06-26T12:10:16.201205Z[0m [32m INFO[0m [2mtcp_source[0m[2m:[0m Requested rate: Some(100000) | Actual rate: 85440.57
[2m2024-06-26T12:10:21.027367Z[0m [32m INFO[0m [2mtcp_source[0m[2m:[0m Requested rate: Some(100000) | Actual rate: 81352.72
[2m2024-06-26T12:10:29.875812Z[0m [32m INFO[0m [2mtcp_source[0m[2m:[0m Requested rate: Some(100000) | Actual rate: 93193.89
[2m2024-06-26T12:10:33.211187Z[0m [32m INFO[0m [2mtcp_source[0m[2m:[0m Requested rate: Some(100000) | Actual rate: 90304.68
[2m2024-06-26T12:10:34.872646Z[0m [32m INFO[0m [2mtcp_source[0m[2m:[0m Requested rate: Some(100000) | Actual rate: 83184.09
[2m2024-06-26T12:10:40.837021Z[0m [32m INFO[0m [2mtcp_source[0m[2m:[0m Requested rate: None | Actual rate: 88952.31
[2m2024-06-26T12:10:43.502515Z[0m [32m INFO[0m [2mtcp_source[0m[2m:[0m Requested rate: None | Actual rate: 94780.27
[2m2024-06-26T12:12:51.528095Z[0m [32m INFO[0m [2mtcp_source[0m[2m:[0m Requested rate: "∞" | Actual rate: 98520.02
[2m2024-06-26T12:13:04.171027Z[0m [32m INFO[0m [2mtcp_source[0m[2m:[0m Requested rate: ∞ | Actual rate: 84623.9
[2m2024-06-26T12:13:13.363406Z[0m [32m INFO[0m [2mtcp_source[0m[2m:[0m Requested rate: ∞ | Actual rate: 103923.31
[2m2024-06-26T12:13:17.452799Z[0m [32m INFO[0m [2mtcp_source[0m[2m:[0m Requested rate: ∞ | Actual rate: 86679.59
[2m2024-06-26T12:13:20.012879Z[0m [32m INFO[0m [2mtcp_source[0m[2m:[0m Requested rate: ∞ | Actual rate: 107661.164
[2m2024-06-26T12:21:04.687816Z[0m [32m INFO[0m [2mtcp_source[0m[2m:[0m Requested rate: ∞ | Actual rate: 27601.06
[2m2024-06-26T12:21:13.922962Z[0m [32m INFO[0m [2mtcp_source[0m[2m:[0m Requested rate: ∞ | Actual rate: 25881.29
[2m2024-06-26T12:23:37.412001Z[0m [32m INFO[0m [2mtcp_source[0m[2m:[0m Requested rate: ∞ | Actual rate: 25166.611
[2m2024-06-26T12:23:44.034276Z[0m [32m INFO[0m [2mtcp_source[0m[2m:[0m Requested rate: ∞ | Actual rate: 26672.928
[2m2024-06-26T12:25:48.640179Z[0m [32m INFO[0m [2mtcp_source[0m[2m:[0m Requested rate: ∞ | Actual rate: 70570.1
[2m2024-06-26T12:25:52.908910Z[0m [32m INFO[0m [2mtcp_source[0m[2m:[0m Requested rate: ∞ | Actual rate: 93008.875
[2m2024-06-26T12:25:56.035754Z[0m [32m INFO[0m [2mtcp_source[0m[2m:[0m Requested rate: ∞ | Actual rate: 62513.645
[2m2024-06-26T12:26:39.634320Z[0m [32m INFO[0m [2mtcp_source[0m[2m:[0m Requested rate: ∞ | Actual rate: 105703.055
[2m2024-06-26T12:26:41.401217Z[0m [32m INFO[0m [2mtcp_source[0m[2m:[0m Requested rate: ∞ | Actual rate: 94780.48
[2m2024-06-26T12:26:43.100438Z[0m [32m INFO[0m [2mtcp_source[0m[2m:[0m Requested rate: ∞ | Actual rate: 93407.12
[2m2024-06-26T12:28:08.879136Z[0m [32m INFO[0m [2mtcp_source[0m[2m:[0m Requested rate: ∞ | Actual rate: 112688.42
[2m2024-06-26T12:28:12.909364Z[0m [32m INFO[0m [2mtcp_source[0m[2m:[0m Requested rate: ∞ | Actual rate: 95213.24
[2m2024-06-26T12:28:15.499170Z[0m [32m INFO[0m [2mtcp_source[0m[2m:[0m Requested rate: ∞ | Actual rate: 80919.08
[2m2024-06-26T12:39:57.856108Z[0m [32m INFO[0m [2mtcp_source[0m[2m:[0m Requested rate: ∞ | Actual rate: 81235.23
[2m2024-06-27T12:08:26.881469Z[0m [32m INFO[0m [2mtcp_source[0m[2m:[0m Requested rate: ∞ | Actual rate: 103157.69
[2m2024-06-27T15:40:11.288149Z[0m [32m INFO[0m [2mtcp_source[0m[2m:[0m Requested rate: ∞ | Actual rate: 77569.28
[2m2024-06-27T15:40:17.287938Z[0m [32m INFO[0m [2mtcp_source[0m[2m:[0m Requested rate: ∞ | Actual rate: 78655.016
[2m2024-06-27T15:40:20.366252Z[0m [32m INFO[0m [2mtcp_source[0m[2m:[0m Requested rate: ∞ | Actual rate: 101410.47
[2m2024-06-27T15:40:23.991590Z[0m [32m INFO[0m [2mtcp_source[0m[2m:[0m Requested rate: ∞ | Actual rate: 68016.71
[2m2024-06-27T15:41:43.725942Z[0m [32m INFO[0m [2mtcp_source[0m[2m:[0m Requested rate: ∞ | Actual rate: 83755.9
[2m2024-06-27T15:41:48.315215Z[0m [32m INFO[0m [2mtcp_source[0m[2m:[0m Requested rate: ∞ | Actual rate: 80320.21
[2m2024-06-27T15:41:51.045314Z[0m [32m INFO[0m [2mtcp_source[0m[2m:[0m Requested rate: ∞ | Actual rate: 78418.82
[2m2024-06-27T15:41:53.322217Z[0m [32m INFO[0m [2mtcp_source[0m[2m:[0m Requested rate: ∞ | Actual rate: 82239.56
[2m2024-06-27T15:41:56.069048Z[0m [32m INFO[0m [2mtcp_source[0m[2m:[0m Requested rate: ∞ | Actual rate: 83931.92
[2m2024-06-27T15:42:02.494096Z[0m [32m INFO[0m [2mtcp_source[0m[2m:[0m Requested rate: ∞ | Actual rate: 77775
[2m2024-06-27T15:42:24.084341Z[0m [32m INFO[0m [2mtcp_source[0m[2m:[0m Requested rate: ∞ | Actual rate: 102293.93
[2m2024-06-27T15:42:28.199892Z[0m [32m INFO[0m [2mtcp_source[0m[2m:[0m Requested rate: ∞ | Actual rate: 74769.56
[2m2024-06-27T15:42:30.990799Z[0m [32m INFO[0m [2mtcp_source[0m[2m:[0m Requested rate: ∞ | Actual rate: 76664.68
[2m2024-06-27T15:44:20.138746Z[0m [32m INFO[0m [2mtcp_source[0m[2m:[0m Requested rate: ∞ | Actual rate: 76399.62
[2m2024-06-27T15:44:24.709581Z[0m [32m INFO[0m [2mtcp_source[0m[2m:[0m Requested rate: ∞ | Actual rate: 76703.94
[2m2024-06-27T15:44:30.100754Z[0m [32m INFO[0m [2mtcp_source[0m[2m:[0m Requested rate: ∞ | Actual rate: 92151.5
[2m2024-06-27T15:44:32.653325Z[0m [32m INFO[0m [2mtcp_source[0m[2m:[0m Requested rate: ∞ | Actual rate: 72906.3
[2m2024-06-27T15:51:55.754464Z[0m [32m INFO[0m [2mtcp_source[0m[2m:[0m Requested rate: ∞ | Actual rate: 78665.65
[2m2024-06-27T15:52:02.596032Z[0m [32m INFO[0m [2mtcp_source[0m[2m:[0m Requested rate: ∞ | Actual rate: 79234.2
[2m2024-06-27T15:52:05.357608Z[0m [32m INFO[0m [2mtcp_source[0m[2m:[0m Requested rate: ∞ | Actual rate: 85630.266
[2m2024-06-27T15:52:21.978620Z[0m [32m INFO[0m [2mtcp_source[0m[2m:[0m Requested rate: ∞ | Actual rate: 83709.48
[2m2024-06-27T15:52:24.483930Z[0m [32m INFO[0m [2mtcp_source[0m[2m:[0m Requested rate: ∞ | Actual rate: 77028.83
[2m2024-06-27T15:52:51.454127Z[0m [32m INFO[0m [2mtcp_source[0m[2m:[0m Requested rate: 100000 | Actual rate: 56558.613
[2m2024-06-27T15:58:58.849668Z[0m [32m INFO[0m [2mtcp_source[0m[2m:[0m Requested rate: 100000 | Actual rate: 75981.16
[2m2024-06-27T15:59:02.857956Z[0m [32m INFO[0m [2mtcp_source[0m[2m:[0m Requested rate: 100000 | Actual rate: 75831.81
[2m2024-06-27T16:00:00.167382Z[0m [32m INFO[0m [2mtcp_source[0m[2m:[0m Requested rate: 100000 | Actual rate: 58027.816
[2m2024-06-27T16:00:13.763536Z[0m [32m INFO[0m [2mtcp_source[0m[2m:[0m Requested rate: ∞ | Actual rate: 77572.15
[2m2024-06-27T16:00:18.079846Z[0m [32m INFO[0m [2mtcp_source[0m[2m:[0m Requested rate: ∞ | Actual rate: 91480.49
[2m2024-06-27T16:00:32.509223Z[0m [32m INFO[0m [2mtcp_source[0m[2m:[0m Requested rate: ∞ | Actual rate: 83263.84
[2m2024-06-27T16:00:35.916642Z[0m [32m INFO[0m [2mtcp_source[0m[2m:[0m Requested rate: ∞ | Actual rate: 151244.3
[2m2024-06-27T16:00:39.401898Z[0m [32m INFO[0m [2mtcp_source[0m[2m:[0m Requested rate: ∞ | Actual rate: 82803.836
[2m2024-06-27T16:00:42.769836Z[0m [32m INFO[0m [2mtcp_source[0m[2m:[0m Requested rate: ∞ | Actual rate: 163221.25
[2m2024-06-27T16:00:45.533716Z[0m [32m INFO[0m [2mtcp_source[0m[2m:[0m Requested rate: ∞ | Actual rate: 67473.664
[2m2024-06-27T16:02:51.938515Z[0m [32m INFO[0m [2mtcp_source[0m[2m:[0m Requested rate: 10000 | Actual rate: 9969.972
[2m2024-06-27T16:02:55.712260Z[0m [32m INFO[0m [2mtcp_source[0m[2m:[0m Requested rate: 10000 | Actual rate: 9960.06
[2m2024-06-28T09:36:56.714721Z[0m [32m INFO[0m [2mtcp_source[0m[2m:[0m Requested rate: ∞ | Actual rate: 96450.52
[2m2024-06-28T09:37:04.537896Z[0m [32m INFO[0m [2mtcp_source[0m[2m:[0m Requested rate: ∞ | Actual rate: 72045.54
[2m2024-06-28T09:37:06.973650Z[0m [32m INFO[0m [2mtcp_source[0m[2m:[0m Requested rate: ∞ | Actual rate: 63406.547
[2m2024-06-28T09:37:09.636353Z[0m [32m INFO[0m [2mtcp_source[0m[2m:[0m Requested rate: ∞ | Actual rate: 79985.66
[2m2024-06-28T09:37:12.411296Z[0m [32m INFO[0m [2mtcp_source[0m[2m:[0m Requested rate: ∞ | Actual rate: 102407.42
[2m2024-06-28T12:17:54.953263Z[0m [32m INFO[0m [2mtcp_source[0m[2m:[0m Requested rate: ∞ | Actual rate: 87179.45
[2m2024-06-28T12:17:59.844925Z[0m [32m INFO[0m [2mtcp_source[0m[2m:[0m Requested rate: ∞ | Actual rate: 70034.625
[2m2024-06-28T12:18:02.466555Z[0m [32m INFO[0m [2mtcp_source[0m[2m:[0m Requested rate: ∞ | Actual rate: 64613.06
[2m2024-06-28T12:18:04.965073Z[0m [32m INFO[0m [2mtcp_source[0m[2m:[0m Requested rate: ∞ | Actual rate: 72720.875
[2m2024-06-28T12:18:07.161477Z[0m [32m INFO[0m [2mtcp_source[0m[2m:[0m Requested rate: ∞ | Actual rate: 71739.734
[2m2024-06-28T12:18:08.445039Z[0m [32m INFO[0m [2mtcp_source[0m[2m:[0m Requested rate: ∞ | Actual rate: 58591.563
[2m2024-06-28T12:18:12.099521Z[0m [32m INFO[0m [2mtcp_source[0m[2m:[0m Requested rate: ∞ | Actual rate: 60197.01
[2m2024-06-28T12:18:15.110510Z[0m [32m INFO[0m [2mtcp_source[0m[2m:[0m Requested rate: ∞ | Actual rate: 70288.68
[2m2024-06-28T12:18:18.485080Z[0m [32m INFO[0m [2mtcp_source[0m[2m:[0m Requested rate: ∞ | Actual rate: 108309.67
